21:10:13 **** Auto Build of configuration Debug for project ZL03_SW_181703 ****
make pre-build main-build 
a9-linaro-pre-build-step
' '
'Building file: ../src/ZL03_LED3_test.c'
'Invoking: ARM v7 gcc compiler'
arm-none-eabi-gcc -Wall -O0 -g3 -c -fmessage-length=0 -MT"src/ZL03_LED3_test.o" -mcpu=cortex-a9 -mfpu=vfpv3 -mfloat-abi=hard -I../../ZL03_SW_181703_bsp/ps7_cortexa9_0/include -MMD -MP -MF"src/ZL03_LED3_test.d" -MT"src/ZL03_LED3_test.o" -o "src/ZL03_LED3_test.o" "../src/ZL03_LED3_test.c"
'Finished building: ../src/ZL03_LED3_test.c'
' '
'Building target: ZL03_SW_181703.elf'
'Invoking: ARM v7 gcc linker'
arm-none-eabi-gcc -mcpu=cortex-a9 -mfpu=vfpv3 -mfloat-abi=hard -Wl,-build-id=none -specs=Xilinx.spec -Wl,-T -Wl,../src/lscript.ld -L../../ZL03_SW_181703_bsp/ps7_cortexa9_0/lib -o "ZL03_SW_181703.elf"  ./src/ZL03_LED3_test.o   -Wl,--start-group,-lxil,-lgcc,-lc,--end-group
'Finished building target: ZL03_SW_181703.elf'
' '
'Invoking: ARM v7 Print Size'
arm-none-eabi-size ZL03_SW_181703.elf  |tee "ZL03_SW_181703.elf.size"
   text	   data	    bss	    dec	    hex	filename
  25100	   2736	  22616	  50452	   c514	ZL03_SW_181703.elf
'Finished building: ZL03_SW_181703.elf.size'
' '

21:10:14 Build Finished (took 1s.149ms)

